// Jest Snapshot v1, https://goo.gl/fbAQLP

exports[`createSection success on directory 1`] = `
Object {
  "shows": Object {
    "egy": "function () {}",
    "kett≈ë": "function (doc) {
        emit(doc._id, 1);
      }",
  },
}
`;
